// Jest Snapshot v1, https://goo.gl/fbAQLP

exports[`<Button /> renders correctly 1`] = `
<div
  className="button"
>
  <Link
    to="/"
  >
    <button
      className="button-back"
    >
      Back to main page
    </button>
  </Link>
</div>
`;
