// Jest Snapshot v1, https://goo.gl/fbAQLP

exports[`<Navbar /> renders correctly 1`] = `
<div
  className="navbar"
>
  <Link
    className="navbar-home-link"
    to="/"
  >
    <h1
      className="navbar-title"
    >
      Pokedex
    </h1>
  </Link>
</div>
`;
